Microchip MPLAB XC8 Compiler V2.10 ()

Linker command line:

-W-3 --edf=/Applications/microchip/xc8/v2.10/pic/dat/en_msgs.txt -cs \
  -h+dist/default/production/Demo3.X.production.sym \
  --cmf=dist/default/production/Demo3.X.production.cmf -z -Q18F4550 \
  -o/tmp/xcOPRUZw5 --defsym=__MPLAB_BUILD=1 \
  -Mdist/default/production/Demo3.X.production.map -E1 -ver=XC8 \
  --acfsm=1493 -ASTACK=0150h-07FFh -pstack=STACK -ACODE=00h-07FFFh \
  -ACONST=00h-07FFFh -ASMALLCONST=0800h-08FFhx120 \
  -AMEDIUMCONST=0800h-07FFFh -ACOMRAM=01h-05Fh -AABS1=00h-07FFh \
  -ABIGRAM=01h-07FFh -ARAM=060h-0FFh,0100h-01FFhx7 -ABANK0=060h-0FFh \
  -ABANK1=0100h-01FFh -ABANK2=0200h-02FFh -ABANK3=0300h-03FFh \
  -ABANK4=0400h-04FFh -ABANK5=0500h-05FFh -ABANK6=0600h-06FFh \
  -ABANK7=0700h-07FFh -ASFR=0F60h-0FFFh \
  -preset_vec=00h,intcode=08h,intcodelo,powerup,init -pramtop=0800h \
  -psmallconst=SMALLCONST -pmediumconst=MEDIUMCONST -pconst=CONST \
  -AFARRAM=00h-00h -ACONFIG=0300000h-030000Dh -pconfig=CONFIG \
  -AIDLOC=0200000h-0200007h -pidloc=IDLOC -AEEDATA=0F00000h-0F000FFh \
  -peeprom_data=EEDATA \
  -prdata=COMRAM,nvrram=COMRAM,nvbit=COMRAM,rbss=COMRAM,rbit=COMRAM \
  -pfarbss=FARRAM,fardata=FARRAM,nvFARRAM=FARRAM \
  -pintsave_regs=BIGRAM,bigbss=BIGRAM,bigdata=BIGRAM -pbss=RAM \
  -pidata=CODE,irdata=CODE,ibigdata=CODE,ifardata=CODE -prparam=COMRAM \
  /tmp/xcYQtcoHw.o dist/default/production/Demo3.X.production.o 

Object code version is 3.11

Machine type is 18F4550

Call graph: (short form)




                Name                               Link     Load   Length Selector   Space Scale
/tmp/xcYQtcoHw.o
                init                                  E        E        4        4       0
                reset_vec                             0        0        4        0       0
                idloc                            200000   200000        8   200000       0
                config                           300000   300000        E   300000       0
dist/default/production/Demo3.X.production.o
                intcode                               8        8        6        4       0
                temp                                 52       52        1        1       1
                smallconst                          800      800       1A      400       0
                text42                             344C     344C       52      40D       0
                intcode_body                       374A     374A       26      40D       0
                text40                             37BE     37BE       12      40D       0
                text39                             26CA     26CA      1B4      40D       0
                text38                             3212     3212       78      40D       0
                text37                             37D0     37D0        E      40D       0
                text36                             349E     349E       4A      40D       0
                text35                             37AC     37AC       12      40D       0
                text34                             378E     378E       1E      40D       0
                text33                             36C2     36C2       32      40D       0
                text32                             3770     3770       1E      40D       0
                text31                             36F4     36F4       30      40D       0
                text30                             3572     3572       40      40D       0
                text29                             3724     3724       26      40D       0
                text28                             3622     3622       38      40D       0
                text27                             33FA     33FA       52      40D       0
                text26                             287E     287E      190      40D       0
                text25                             2EB6     2EB6       C4      40D       0
                text24                             303C     303C       B0      40D       0
                text23                             211E     211E      39A      40D       0
                text22                             30EC     30EC       AA      40D       0
                text21                             2B14     2B14      104      40D       0
                text20                             1CF4     1CF4      42A      40D       0
                text19                             35EA     35EA       38      40D       0
                text18                             13CC     13CC      4C0      40D       0
                text17                             34E8     34E8       46      40D       0
                text16                             2A0E     2A0E      106      40D       0
                text15                             2C18     2C18       FE      40D       0
                text14                             24B8     24B8      212      40D       0
                text13                             37DE     37DE        2      40D       0
                text12                             2DEC     2DEC       CA      40D       0
                text11                             352E     352E       44      40D       0
                text10                             365A     365A       36      40D       0
                text9                              2F7A     2F7A       C2      40D       0
                text8                              334C     334C       5C      40D       0
                text7                              35B2     35B2       38      40D       0
                text6                              32EC     32EC       60      40D       0
                text5                               81A      81A      BB2      40D       0
                text4                              2D16     2D16       D6      40D       0
                text3                              188C     188C      468      40D       0
                text2                              328A     328A       62      40D       0
                text1                              33A8     33A8       52      40D       0
                text0                              3196     3196       7C      40D       0
                cstackCOMRAM                          1        1       4B        1       1
                cstackBANK0                          60       60       6A       60       1
                bssBANK1                            100      100       50      100       1
                bssBANK0                             CA       CA        A       60       1
                bssCOMRAM                            4C       4C        6        1       1
                cinit                              3690     3690       32      40D       0

TOTAL           Name                               Link     Load   Length     Space
        CLASS   STACK          

        CLASS   CODE           
                intcode                               8        8        6         0
                init                                  E        E        4         0
                reset_vec                             0        0        4         0
                text42                             344C     344C       52         0
                intcode_body                       374A     374A       26         0
                text40                             37BE     37BE       12         0
                text39                             26CA     26CA      1B4         0
                text38                             3212     3212       78         0
                text37                             37D0     37D0        E         0
                text36                             349E     349E       4A         0
                text35                             37AC     37AC       12         0
                text34                             378E     378E       1E         0
                text33                             36C2     36C2       32         0
                text32                             3770     3770       1E         0
                text31                             36F4     36F4       30         0
                text30                             3572     3572       40         0
                text29                             3724     3724       26         0
                text28                             3622     3622       38         0
                text27                             33FA     33FA       52         0
                text26                             287E     287E      190         0
                text25                             2EB6     2EB6       C4         0
                text24                             303C     303C       B0         0
                text23                             211E     211E      39A         0
                text22                             30EC     30EC       AA         0
                text21                             2B14     2B14      104         0
                text20                             1CF4     1CF4      42A         0
                text19                             35EA     35EA       38         0
                text18                             13CC     13CC      4C0         0
                text17                             34E8     34E8       46         0
                text16                             2A0E     2A0E      106         0
                text15                             2C18     2C18       FE         0
                text14                             24B8     24B8      212         0
                text13                             37DE     37DE        2         0
                text12                             2DEC     2DEC       CA         0
                text11                             352E     352E       44         0
                text10                             365A     365A       36         0
                text9                              2F7A     2F7A       C2         0
                text8                              334C     334C       5C         0
                text7                              35B2     35B2       38         0
                text6                              32EC     32EC       60         0
                text5                               81A      81A      BB2         0
                text4                              2D16     2D16       D6         0
                text3                              188C     188C      468         0
                text2                              328A     328A       62         0
                text1                              33A8     33A8       52         0
                text0                              3196     3196       7C         0
                cinit                              3690     3690       32         0

        CLASS   CONST          

        CLASS   SMALLCONST     
                smallconst                          800      800       1A         0

        CLASS   MEDIUMCONST    

        CLASS   COMRAM         
                temp                                 52       52        1         1
                cstackCOMRAM                          1        1       4B         1
                bssCOMRAM                            4C       4C        6         1

        CLASS   ABS1           

        CLASS   BIGRAM         

        CLASS   RAM            

        CLASS   BANK0          
                cstackBANK0                          60       60       6A         1
                bssBANK0                             CA       CA        A         1

        CLASS   BANK1          
                bssBANK1                            100      100       50         1

        CLASS   BANK2          

        CLASS   BANK3          

        CLASS   BANK4          

        CLASS   BANK5          

        CLASS   BANK6          

        CLASS   BANK7          

        CLASS   SFR            

        CLASS   FARRAM         

        CLASS   CONFIG         
                config                           300000   300000        E         0

        CLASS   IDLOC          
                idloc                            200000   200000        8         0

        CLASS   EEDATA         



SEGMENTS        Name                           Load    Length   Top    Selector   Space  Class

                cstackCOMRAM                   000001  000052  000053         1       1  COMRAM  
                reset_vec                      000000  000004  000004         0       0  CODE    
                text5                          00081A  002FC6  0037E0       40D       0  CODE    
                cstackBANK0                    000060  000074  0000D4        60       1  BANK0   
                bssBANK1                       000100  000050  000150       100       1  BANK1   
                intcode                        000008  00000A  000012         4       0  CODE    
                idloc                          200000  000008  200008    200000       0  IDLOC   
                smallconst                     000800  00001A  00081A       400       0  SMALLCON
                config                         300000  00000E  30000E    300000       0  CONFIG  


UNUSED ADDRESS RANGES

        Name                Unused          Largest block    Delta
        BANK0            0000D4-0000FF               2C
        BANK1            000150-0001FF               B0
        BANK2            000200-0002FF              100
        BANK3            000300-0003FF              100
        BANK4            000400-0004FF              100
        BANK5            000500-0005FF              100
        BANK6            000600-0006FF              100
        BANK7            000700-0007FF              100
        BIGRAM           000053-00005F                D
                         0000D4-0000FF               2C
                         000150-0007FF              6B0
        CODE             000004-000007                4
                         000012-0007FF              7EE
                         0037E0-007FFF             4820
        COMRAM           000053-00005F                D
        CONST            000004-000007                4
                         000012-0007FF              7EE
                         0037E0-007FFF             4820
        EEDATA           F00000-F000FF              100
        MEDIUMCONST      0037E0-007FFF             4820
        RAM              0000D4-0000FF               2C
                         000150-0007FF              100
        SFR              000F60-000FFF               A0
        SMALLCONST       0037E0-007FFF              100
        STACK            000150-0007FF              6B0

                                  Symbol Table

?_ADC_Read                        cstackCOMRAM 000015
?___awdiv                         cstackCOMRAM 000007
?___awmod                         cstackCOMRAM 000007
?___fladd                         cstackCOMRAM 000007
?___fldiv                         cstackCOMRAM 000007
?___flmul                         cstackCOMRAM 000007
?___flneg                         cstackCOMRAM 000007
?___flsub                         cstackCOMRAM 000020
?___fltol                         cstackCOMRAM 000007
?___fpclassifyf                   cstackCOMRAM 000007
?___wmul                          cstackCOMRAM 000007
?___xxtofl                        cstackCOMRAM 000007
?_atoi                            cstackCOMRAM 00000E
?_efgtoa                          cstackCOMRAM 000034
?_floorf                          cstackCOMRAM 000020
?_isdigit                         cstackCOMRAM 000007
?_isspace                         cstackCOMRAM 000007
?_isupper                         cstackCOMRAM 000007
?_pad                             cstackCOMRAM 000017
?_sprintf                         cstackBANK0  0000AA
?_strlen                          cstackCOMRAM 000007
?_strncmp                         cstackCOMRAM 000007
?_tolower                         cstackCOMRAM 00000D
?_vfpfcnvrt                       cstackCOMRAM 000040
?_vfprintf                        cstackBANK0  0000A4
ADC_Read@channel                  cstackCOMRAM 000015
ADC_Read@digital                  cstackCOMRAM 00001B
LCD_Char@dat                      cstackCOMRAM 00000D
LCD_Command@cmd                   cstackCOMRAM 00000D
LCD_String@msg                    cstackCOMRAM 00000E
LCD_String_xy@location            cstackCOMRAM 000014
LCD_String_xy@msg                 cstackCOMRAM 000011
LCD_String_xy@pos                 cstackCOMRAM 000010
LCD_String_xy@row                 cstackCOMRAM 000013
MSdelay@i                         cstackCOMRAM 000009
MSdelay@j                         cstackCOMRAM 00000B
MSdelay@val                       cstackCOMRAM 000007
_ADCON0                           (abs)        000FC2
_ADCON0bits                       (abs)        000FC2
_ADCON1                           (abs)        000FC1
_ADCON2                           (abs)        000FC0
_ADC_Init                         text40       0037BE
_ADC_Read                         text38       003212
_ADRESH                           (abs)        000FC4
_ADRESL                           (abs)        000FC3
_External_Interrupt_Init          text37       0037D0
_INTCON2                          (abs)        000FF1
_INTCONbits                       (abs)        000FF2
_LATA                             (abs)        000F89
_LATC6                            (abs)        007C5E
_LATD2                            (abs)        007C62
_LATD3                            (abs)        007C63
_LATE                             (abs)        000F8D
_LCD_Char                         text32       003770
_LCD_Command                      text34       00378E
_LCD_Init                         text33       0036C2
_LCD_String                       text31       0036F4
_LCD_String_xy                    text30       003572
_MSdelay                          text36       00349E
_MY_ISR                           intcode      000008
_OSCCON                           (abs)        000FD3
_TRISA                            (abs)        000F92
_TRISBbits                        (abs)        000F93
_TRISCbits                        (abs)        000F94
_TRISD                            (abs)        000F95
_TRISE                            (abs)        000F96
__CFG_BOR$ON                      (abs)        000000
__CFG_BORV$3                      (abs)        000000
__CFG_CCP2MX$ON                   (abs)        000000
__CFG_CP0$OFF                     (abs)        000000
__CFG_CP1$OFF                     (abs)        000000
__CFG_CP2$OFF                     (abs)        000000
__CFG_CP3$OFF                     (abs)        000000
__CFG_CPB$OFF                     (abs)        000000
__CFG_CPD$OFF                     (abs)        000000
__CFG_CPUDIV$OSC1_PLL2            (abs)        000000
__CFG_EBTR0$OFF                   (abs)        000000
__CFG_EBTR1$OFF                   (abs)        000000
__CFG_EBTR2$OFF                   (abs)        000000
__CFG_EBTR3$OFF                   (abs)        000000
__CFG_EBTRB$OFF                   (abs)        000000
__CFG_FCMEN$OFF                   (abs)        000000
__CFG_FOSC$INTOSC_EC              (abs)        000000
__CFG_ICPRT$OFF                   (abs)        000000
__CFG_IESO$OFF                    (abs)        000000
__CFG_LPT1OSC$OFF                 (abs)        000000
__CFG_LVP$OFF                     (abs)        000000
__CFG_MCLRE$OFF                   (abs)        000000
__CFG_PBADEN$OFF                  (abs)        000000
__CFG_PLLDIV$1                    (abs)        000000
__CFG_PWRT$OFF                    (abs)        000000
__CFG_STVREN$ON                   (abs)        000000
__CFG_USBDIV$1                    (abs)        000000
__CFG_VREGEN$OFF                  (abs)        000000
__CFG_WDT$OFF                     (abs)        000000
__CFG_WDTPS$32768                 (abs)        000000
__CFG_WRT0$OFF                    (abs)        000000
__CFG_WRT1$OFF                    (abs)        000000
__CFG_WRT2$OFF                    (abs)        000000
__CFG_WRT3$OFF                    (abs)        000000
__CFG_WRTB$OFF                    (abs)        000000
__CFG_WRTC$OFF                    (abs)        000000
__CFG_WRTD$OFF                    (abs)        000000
__CFG_XINST$OFF                   (abs)        000000
__HRAM                            (abs)        000000
__Habs1                           abs1         000000
__Hbank0                          bank0        000000
__Hbank1                          bank1        000000
__Hbank2                          bank2        000000
__Hbank3                          bank3        000000
__Hbank4                          bank4        000000
__Hbank5                          bank5        000000
__Hbank6                          bank6        000000
__Hbank7                          bank7        000000
__Hbigbss                         bigbss       000000
__Hbigdata                        bigdata      000000
__Hbigram                         bigram       000000
__Hbss                            bss          000000
__HbssBANK0                       bssBANK0     000000
__HbssBANK1                       bssBANK1     000000
__HbssCOMRAM                      bssCOMRAM    000000
__Hcinit                          cinit        000000
__Hclrtext                        clrtext      000000
__Hcomram                         comram       000000
__Hconfig                         config       30000E
__Hconst                          const        000000
__HcstackBANK0                    cstackBANK0  000000
__HcstackCOMRAM                   cstackCOMRAM 000000
__Hdata                           data         000000
__Heeprom_data                    eeprom_data  000000
__Hfarbss                         farbss       000000
__Hfardata                        fardata      000000
__Hibigdata                       ibigdata     000000
__Hidata                          idata        000000
__Hidloc                          idloc        200008
__Hifardata                       ifardata     000000
__Hinit                           init         000012
__Hintcode                        intcode      00000E
__Hintcode_body                   intcode_body 000000
__Hintcodelo                      intcodelo    00000E
__Hintentry                       intentry     000000
__Hintret                         intret       000000
__Hintsave_regs                   intsave_regs 000000
__Hirdata                         irdata       000000
__Hmediumconst                    mediumconst  000000
__HnvFARRAM                       nvFARRAM     000000
__Hnvbit                          nvbit        000000
__Hnvrram                         nvrram       000000
__Hparam                          rparam       000000
__Hpowerup                        powerup      00000E
__Hram                            ram          000000
__Hramtop                         ramtop       000800
__Hrbit                           rbit         000000
__Hrbss                           rbss         000000
__Hrdata                          rdata        000000
__Hreset_vec                      reset_vec    000004
__Hrparam                         rparam       000000
__Hsfr                            sfr          000000
__Hsmallconst                     smallconst   00081A
__Hspace_0                        (abs)        30000E
__Hspace_1                        (abs)        000150
__Hspace_2                        (abs)        000000
__Hstack                          stack        000000
__Hstruct                         struct       000000
__Htemp                           temp         000053
__Htext                           text         000000
__Htext0                          text0        000000
__Htext1                          text1        000000
__Htext10                         text10       000000
__Htext11                         text11       000000
__Htext12                         text12       000000
__Htext13                         text13       000000
__Htext14                         text14       000000
__Htext15                         text15       000000
__Htext16                         text16       000000
__Htext17                         text17       000000
__Htext18                         text18       000000
__Htext19                         text19       000000
__Htext2                          text2        000000
__Htext20                         text20       000000
__Htext21                         text21       000000
__Htext22                         text22       000000
__Htext23                         text23       000000
__Htext24                         text24       000000
__Htext25                         text25       000000
__Htext26                         text26       000000
__Htext27                         text27       000000
__Htext28                         text28       000000
__Htext29                         text29       000000
__Htext3                          text3        000000
__Htext30                         text30       000000
__Htext31                         text31       000000
__Htext32                         text32       000000
__Htext33                         text33       000000
__Htext34                         text34       000000
__Htext35                         text35       000000
__Htext36                         text36       000000
__Htext37                         text37       000000
__Htext38                         text38       000000
__Htext39                         text39       000000
__Htext4                          text4        000000
__Htext40                         text40       000000
__Htext42                         text42       000000
__Htext5                          text5        000000
__Htext6                          text6        000000
__Htext7                          text7        000000
__Htext8                          text8        000000
__Htext9                          text9        000000
__LRAM                            (abs)        000001
__Labs1                           abs1         000000
__Lbank0                          bank0        000000
__Lbank1                          bank1        000000
__Lbank2                          bank2        000000
__Lbank3                          bank3        000000
__Lbank4                          bank4        000000
__Lbank5                          bank5        000000
__Lbank6                          bank6        000000
__Lbank7                          bank7        000000
__Lbigbss                         bigbss       000000
__Lbigdata                        bigdata      000000
__Lbigram                         bigram       000000
__Lbss                            bss          000000
__LbssBANK0                       bssBANK0     000000
__LbssBANK1                       bssBANK1     000000
__LbssCOMRAM                      bssCOMRAM    000000
__Lcinit                          cinit        000000
__Lclrtext                        clrtext      000000
__Lcomram                         comram       000000
__Lconfig                         config       300000
__Lconst                          const        000000
__LcstackBANK0                    cstackBANK0  000000
__LcstackCOMRAM                   cstackCOMRAM 000000
__Ldata                           data         000000
__Leeprom_data                    eeprom_data  000000
__Lfarbss                         farbss       000000
__Lfardata                        fardata      000000
__Libigdata                       ibigdata     000000
__Lidata                          idata        000000
__Lidloc                          idloc        200000
__Lifardata                       ifardata     000000
__Linit                           init         00000E
__Lintcode                        intcode      000008
__Lintcode_body                   intcode_body 000000
__Lintcodelo                      intcodelo    00000E
__Lintentry                       intentry     000000
__Lintret                         intret       000000
__Lintsave_regs                   intsave_regs 000000
__Lirdata                         irdata       000000
__Lmediumconst                    mediumconst  000000
__LnvFARRAM                       nvFARRAM     000000
__Lnvbit                          nvbit        000000
__Lnvrram                         nvrram       000000
__Lparam                          rparam       000000
__Lpowerup                        powerup      00000E
__Lram                            ram          000000
__Lramtop                         ramtop       000800
__Lrbit                           rbit         000000
__Lrbss                           rbss         000000
__Lrdata                          rdata        000000
__Lreset_vec                      reset_vec    000000
__Lrparam                         rparam       000000
__Lsfr                            sfr          000000
__Lsmallconst                     smallconst   000800
__Lspace_0                        (abs)        000000
__Lspace_1                        (abs)        000000
__Lspace_2                        (abs)        000000
__Lstack                          stack        000000
__Lstruct                         struct       000000
__Ltemp                           temp         000052
__Ltext                           text         000000
__Ltext0                          text0        000000
__Ltext1                          text1        000000
__Ltext10                         text10       000000
__Ltext11                         text11       000000
__Ltext12                         text12       000000
__Ltext13                         text13       000000
__Ltext14                         text14       000000
__Ltext15                         text15       000000
__Ltext16                         text16       000000
__Ltext17                         text17       000000
__Ltext18                         text18       000000
__Ltext19                         text19       000000
__Ltext2                          text2        000000
__Ltext20                         text20       000000
__Ltext21                         text21       000000
__Ltext22                         text22       000000
__Ltext23                         text23       000000
__Ltext24                         text24       000000
__Ltext25                         text25       000000
__Ltext26                         text26       000000
__Ltext27                         text27       000000
__Ltext28                         text28       000000
__Ltext29                         text29       000000
__Ltext3                          text3        000000
__Ltext30                         text30       000000
__Ltext31                         text31       000000
__Ltext32                         text32       000000
__Ltext33                         text33       000000
__Ltext34                         text34       000000
__Ltext35                         text35       000000
__Ltext36                         text36       000000
__Ltext37                         text37       000000
__Ltext38                         text38       000000
__Ltext39                         text39       000000
__Ltext4                          text4        000000
__Ltext40                         text40       000000
__Ltext42                         text42       000000
__Ltext5                          text5        000000
__Ltext6                          text6        000000
__Ltext7                          text7        000000
__Ltext8                          text8        000000
__Ltext9                          text9        000000
__S0                              (abs)        30000E
__S1                              (abs)        000150
__S2                              (abs)        000000
___awdiv                          text25       002EB6
___awdiv@counter                  cstackCOMRAM 00000B
___awdiv@dividend                 cstackCOMRAM 000007
___awdiv@divisor                  cstackCOMRAM 000009
___awdiv@quotient                 cstackCOMRAM 00000D
___awdiv@sign                     cstackCOMRAM 00000C
___awmod                          text24       00303C
___awmod@counter                  cstackCOMRAM 00000B
___awmod@dividend                 cstackCOMRAM 000007
___awmod@divisor                  cstackCOMRAM 000009
___awmod@sign                     cstackCOMRAM 00000C
___fladd                          text18       0013CC
___fladd@a                        cstackCOMRAM 00000B
___fladd@aexp                     cstackCOMRAM 000014
___fladd@b                        cstackCOMRAM 000007
___fladd@bexp                     cstackCOMRAM 000015
___fladd@grs                      cstackCOMRAM 000016
___fladd@signs                    cstackCOMRAM 000013
___fldiv                          text23       00211E
___fldiv@a                        cstackCOMRAM 00000B
___fldiv@aexp                     cstackCOMRAM 00001F
___fldiv@b                        cstackCOMRAM 000007
___fldiv@bexp                     cstackCOMRAM 00001E
___fldiv@grs                      cstackCOMRAM 00001A
___fldiv@new_exp                  cstackCOMRAM 000018
___fldiv@rem                      cstackCOMRAM 000013
___fldiv@sign                     cstackCOMRAM 000017
___fleq                           text22       0030EC
___fleq@ff1                       cstackCOMRAM 000007
___fleq@ff2                       cstackCOMRAM 00000B
___flge                           text21       002B14
___flge@ff1                       cstackCOMRAM 000020
___flge@ff2                       cstackCOMRAM 000024
___flmul                          text20       001CF4
___flmul@a                        cstackCOMRAM 00000B
___flmul@aexp                     cstackCOMRAM 000014
___flmul@b                        cstackCOMRAM 000007
___flmul@bexp                     cstackCOMRAM 000019
___flmul@grs                      cstackCOMRAM 000015
___flmul@prod                     cstackCOMRAM 00001A
___flmul@sign                     cstackCOMRAM 000013
___flmul@temp                     cstackCOMRAM 00001E
___flneg                          text19       0035EA
___flneg@f1                       cstackCOMRAM 000007
___flsub                          text17       0034E8
___flsub@a                        cstackCOMRAM 000024
___flsub@b                        cstackCOMRAM 000020
___fltol                          text16       002A0E
___fltol@exp1                     cstackCOMRAM 000010
___fltol@f1                       cstackCOMRAM 000007
___fltol@sign1                    cstackCOMRAM 00000F
___fpclassifyf                    text15       002C18
___fpclassifyf@F463               bssBANK0     0000CE
___fpclassifyf@e                  cstackCOMRAM 00000F
___fpclassifyf@u                  cstackCOMRAM 000011
___fpclassifyf@x                  cstackCOMRAM 000007
___inthi_sp                       stack        000000
___intlo_sp                       stack        000000
___param_bank                     (abs)        000000
___rparam_used                    (abs)        000001
___sp                             stack        000000
___wmul                           text29       003724
___wmul@multiplicand              cstackCOMRAM 000009
___wmul@multiplier                cstackCOMRAM 000007
___wmul@product                   cstackCOMRAM 00000B
___xxtofl                         text39       0026CA
___xxtofl@arg                     cstackCOMRAM 000011
___xxtofl@exp                     cstackCOMRAM 000010
___xxtofl@sign                    cstackCOMRAM 00000F
___xxtofl@val                     cstackCOMRAM 000007
__accesstop                       (abs)        000060
__activetblptr                    (abs)        000002
__end_of_ADC_Init                 text40       0037D0
__end_of_ADC_Read                 text38       00328A
__end_of_External_Interrupt_Init  text37       0037DE
__end_of_LCD_Char                 text32       00378E
__end_of_LCD_Command              text34       0037AC
__end_of_LCD_Init                 text33       0036F4
__end_of_LCD_String               text31       003724
__end_of_LCD_String_xy            text30       0035B2
__end_of_MSdelay                  text36       0034E8
__end_of_MY_ISR                   intcode_body 003770
__end_of___awdiv                  text25       002F7A
__end_of___awmod                  text24       0030EC
__end_of___fladd                  text18       00188C
__end_of___fldiv                  text23       0024B8
__end_of___fleq                   text22       003196
__end_of___flge                   text21       002C18
__end_of___flmul                  text20       00211E
__end_of___flneg                  text19       003622
__end_of___flsub                  text17       00352E
__end_of___fltol                  text16       002B14
__end_of___fpclassifyf            text15       002D16
__end_of___wmul                   text29       00374A
__end_of___xxtofl                 text39       00287E
__end_of__initialization          cinit        0036B4
__end_of_atoi                     text26       002A0E
__end_of_efgtoa                   text5        0013CC
__end_of_floorf                   text14       0026CA
__end_of_fputc                    text12       002EB6
__end_of_fputs                    text11       003572
__end_of_isdigit                  text28       00365A
__end_of_isspace                  text27       00344C
__end_of_isupper                  text7        0035EA
__end_of_main                     text0        003212
__end_of_pad                      text9        00303C
__end_of_process_data             text35       0037BE
__end_of_putch                    text13       0037E0
__end_of_sprintf                  text1        0033FA
__end_of_strcpy                   text8        0033A8
__end_of_strlen                   text10       003690
__end_of_strncmp                  text4        002DEC
__end_of_tolower                  text6        00334C
__end_of_vfpfcnvrt                text3        001CF4
__end_of_vfprintf                 text2        0032EC
__end_ofi2_MSdelay                text42       00349E
__initialization                  cinit        003690
__mediumconst                     mediumconst  000000
__pbssBANK0                       bssBANK0     0000CA
__pbssBANK1                       bssBANK1     000100
__pbssCOMRAM                      bssCOMRAM    00004C
__pcinit                          cinit        003690
__pcstackBANK0                    cstackBANK0  000060
__pcstackCOMRAM                   cstackCOMRAM 000001
__pintcode                        intcode      000008
__pintcode_body                   intcode_body 00374A
__psmallconst                     smallconst   000800
__ptext0                          text0        003196
__ptext1                          text1        0033A8
__ptext10                         text10       00365A
__ptext11                         text11       00352E
__ptext12                         text12       002DEC
__ptext13                         text13       0037DE
__ptext14                         text14       0024B8
__ptext15                         text15       002C18
__ptext16                         text16       002A0E
__ptext17                         text17       0034E8
__ptext18                         text18       0013CC
__ptext19                         text19       0035EA
__ptext2                          text2        00328A
__ptext20                         text20       001CF4
__ptext21                         text21       002B14
__ptext22                         text22       0030EC
__ptext23                         text23       00211E
__ptext24                         text24       00303C
__ptext25                         text25       002EB6
__ptext26                         text26       00287E
__ptext27                         text27       0033FA
__ptext28                         text28       003622
__ptext29                         text29       003724
__ptext3                          text3        00188C
__ptext30                         text30       003572
__ptext31                         text31       0036F4
__ptext32                         text32       003770
__ptext33                         text33       0036C2
__ptext34                         text34       00378E
__ptext35                         text35       0037AC
__ptext36                         text36       00349E
__ptext37                         text37       0037D0
__ptext38                         text38       003212
__ptext39                         text39       0026CA
__ptext4                          text4        002D16
__ptext40                         text40       0037BE
__ptext42                         text42       00344C
__ptext5                          text5        00081A
__ptext6                          text6        0032EC
__ptext7                          text7        0035B2
__ptext8                          text8        00334C
__ptext9                          text9        002F7A
__ramtop                          ramtop       000800
__size_of_ADC_Init                (abs)        000000
__size_of_ADC_Read                (abs)        000000
__size_of_External_Interrupt_Init (abs)        000000
__size_of_LCD_Char                (abs)        000000
__size_of_LCD_Command             (abs)        000000
__size_of_LCD_Init                (abs)        000000
__size_of_LCD_String              (abs)        000000
__size_of_LCD_String_xy           (abs)        000000
__size_of_MSdelay                 (abs)        000000
__size_of_MY_ISR                  (abs)        000000
__size_of___awdiv                 (abs)        000000
__size_of___awmod                 (abs)        000000
__size_of___fladd                 (abs)        000000
__size_of___fldiv                 (abs)        000000
__size_of___fleq                  (abs)        000000
__size_of___flge                  (abs)        000000
__size_of___flmul                 (abs)        000000
__size_of___flneg                 (abs)        000000
__size_of___flsub                 (abs)        000000
__size_of___fltol                 (abs)        000000
__size_of___fpclassifyf           (abs)        000000
__size_of___wmul                  (abs)        000000
__size_of___xxtofl                (abs)        000000
__size_of_atoi                    (abs)        000000
__size_of_efgtoa                  (abs)        000000
__size_of_floorf                  (abs)        000000
__size_of_fputc                   (abs)        000000
__size_of_fputs                   (abs)        000000
__size_of_isdigit                 (abs)        000000
__size_of_isspace                 (abs)        000000
__size_of_isupper                 (abs)        000000
__size_of_main                    (abs)        000000
__size_of_pad                     (abs)        000000
__size_of_process_data            (abs)        000000
__size_of_putch                   (abs)        000000
__size_of_sprintf                 (abs)        000000
__size_of_strcpy                  (abs)        000000
__size_of_strlen                  (abs)        000000
__size_of_strncmp                 (abs)        000000
__size_of_tolower                 (abs)        000000
__size_of_vfpfcnvrt               (abs)        000000
__size_of_vfprintf                (abs)        000000
__size_ofi2_MSdelay               (abs)        000000
__smallconst                      smallconst   000800
_atoi                             text26       00287E
_atoi$945                         cstackCOMRAM 000016
_atoi$946                         cstackCOMRAM 00001A
_atoi$947                         cstackCOMRAM 000018
_dbuf                             bssBANK1     000100
_efgtoa                           text5        00081A
_efgtoa$444                       cstackBANK0  000064
_efgtoa$445                       cstackBANK0  000066
_efgtoa$450                       cstackBANK0  000068
_efgtoa$454                       cstackBANK0  00006A
_efgtoa$455                       cstackBANK0  00006C
_efgtoa$456                       cstackBANK0  00006E
_flags                            bssCOMRAM    000050
_floorf                           text14       0024B8
_fputc                            text12       002DEC
_fputs                            text11       00352E
_isdigit                          text28       003622
_isspace                          text27       0033FA
_isspace$976                      cstackCOMRAM 00000D
_isupper                          text7        0035B2
_main                             text0        003196
_nout                             bssBANK0     0000D2
_pad                              text9        002F7A
_prec                             bssCOMRAM    00004E
_process_data                     text35       0037AC
_putch                            text13       0037DE
_sprintf                          text1        0033A8
_strcpy                           text8        00334C
_strlen                           text10       00365A
_strncmp                          text4        002D16
_tolower                          text6        0032EC
_tolower$1061                     cstackCOMRAM 000013
_vfpfcnvrt                        text3        00188C
_vfpfcnvrt$470                    cstackBANK0  000098
_vfpfcnvrt$474                    cstackBANK0  00009A
_vfprintf                         text2        00328A
_width                            bssCOMRAM    00004C
atoi@n                            cstackCOMRAM 00001B
atoi@neg                          cstackCOMRAM 000014
atoi@s                            cstackCOMRAM 00000E
btemp                             temp         000052
efgtoa@c                          cstackCOMRAM 00003A
efgtoa@d                          cstackBANK0  000078
efgtoa@e                          cstackBANK0  000090
efgtoa@f                          cstackCOMRAM 000036
efgtoa@fp                         cstackCOMRAM 000034
efgtoa@g                          cstackBANK0  00008C
efgtoa@h                          cstackBANK0  000082
efgtoa@i                          cstackBANK0  00008A
efgtoa@l                          cstackBANK0  000086
efgtoa@m                          cstackBANK0  000074
efgtoa@mode                       cstackBANK0  000081
efgtoa@n                          cstackBANK0  000092
efgtoa@ne                         cstackBANK0  000076
efgtoa@nmode                      cstackBANK0  00007E
efgtoa@ou                         cstackBANK0  000060
efgtoa@p                          cstackBANK0  00007C
efgtoa@pp                         cstackBANK0  000072
efgtoa@sign                       cstackBANK0  00007A
efgtoa@t                          cstackBANK0  000070
efgtoa@u                          cstackBANK0  000094
efgtoa@w                          cstackBANK0  00007F
end_of_initialization             cinit        0036B4
floorf@F524                       bssBANK0     0000CA
floorf@e                          cstackCOMRAM 00002E
floorf@m                          cstackCOMRAM 00002A
floorf@u                          cstackCOMRAM 000030
floorf@x                          cstackCOMRAM 000020
fputc@c                           cstackCOMRAM 000007
fputc@fp                          cstackCOMRAM 000009
fputs@c                           cstackCOMRAM 000014
fputs@fp                          cstackCOMRAM 000012
fputs@i                           cstackCOMRAM 000015
fputs@s                           cstackCOMRAM 000010
i2MSdelay@i                       cstackCOMRAM 000003
i2MSdelay@j                       cstackCOMRAM 000005
i2MSdelay@val                     cstackCOMRAM 000001
i2_MSdelay                        text42       00344C
int$flags                         temp         000052
int_func                          intcode_body 00374A
intlevel0                         text         000000
intlevel1                         text         000000
intlevel2                         text         000000
intlevel3                         text         000000
isdigit@c                         cstackCOMRAM 000007
isspace@c                         cstackCOMRAM 000007
isupper@c                         cstackCOMRAM 000007
main@digital                      cstackBANK0  0000C6
main@result                       cstackBANK0  0000BC
pad@buf                           cstackCOMRAM 000019
pad@fp                            cstackCOMRAM 000017
pad@i                             cstackCOMRAM 00001E
pad@p                             cstackCOMRAM 00001B
pad@w                             cstackCOMRAM 000020
process_data@data                 cstackCOMRAM 000007
sprintf@ap                        cstackBANK0  0000B4
sprintf@f                         cstackBANK0  0000B6
sprintf@fmt                       cstackBANK0  0000AC
sprintf@s                         cstackBANK0  0000AA
stackhi                           (abs)        0007FF
stacklo                           (abs)        000150
start                             init         00000E
start_initialization              cinit        003690
strcpy@d                          cstackCOMRAM 00000F
strcpy@dest                       cstackCOMRAM 000007
strcpy@s                          cstackCOMRAM 00000D
strcpy@src                        cstackCOMRAM 000009
strlen@a                          cstackCOMRAM 000009
strlen@s                          cstackCOMRAM 000007
strncmp@_l                        cstackCOMRAM 000007
strncmp@_r                        cstackCOMRAM 000009
strncmp@l                         cstackCOMRAM 00000E
strncmp@n                         cstackCOMRAM 00000B
strncmp@r                         cstackCOMRAM 000010
tolower@c                         cstackCOMRAM 00000D
ttemp5                            temp         000053
ttemp6                            temp         000056
ttemp7                            temp         00005A
vfpfcnvrt@ap                      cstackCOMRAM 000044
vfpfcnvrt@c                       cstackBANK0  0000A3
vfpfcnvrt@ct                      cstackBANK0  0000A0
vfpfcnvrt@f                       cstackBANK0  00009C
vfpfcnvrt@fmt                     cstackCOMRAM 000042
vfpfcnvrt@fp                      cstackCOMRAM 000040
vfprintf@ap                       cstackBANK0  0000A8
vfprintf@cfmt                     cstackCOMRAM 00004A
vfprintf@fmt                      cstackBANK0  0000A6
vfprintf@fp                       cstackBANK0  0000A4
wtemp8                            temp         000053


FUNCTION INFORMATION:

 *************** function _main *****************
 Defined at:
		line 42 in file "main.c"
 Parameters:    Size  Location     Type
		None
 Auto vars:     Size  Location     Type
  result         10   92[BANK0 ] unsigned char [10]
  digital         4  102[BANK0 ] float 
 Return value:  Size  Location     Type
                  1    wreg      void 
 Registers used:
		wreg, fsr1l, fsr1h, fsr2l, fsr2h, status,2, status,0, tblptrl, tblptrh, tblptru, prodl, prodh, cstack
 Tracked objects:
		On entry : 
		On exit  : 
		Unchanged: 
 Data sizes:     COMRAM   BANK0   BANK1   BANK2   BANK3   BANK4   BANK5   BANK6   BANK7
      Params:         0       0       0       0       0       0       0       0       0
      Locals:         0      14       0       0       0       0       0       0       0
      Temps:          0       0       0       0       0       0       0       0       0
      Totals:         0      14       0       0       0       0       0       0       0
Total ram usage:       14 bytes
 Hardware stack levels required when called:   10
 This function calls:
		_ADC_Init
		_ADC_Read
		_External_Interrupt_Init
		_LCD_Init
		_LCD_String_xy
		_MSdelay
		_sprintf
 This function is called by:
		Startup code after reset
 This function uses a non-reentrant model


 *************** function _sprintf *****************
 Defined at:
		line 9 in file "/Applications/microchip/xc8/v2.10/pic/sources/c99/common/nf_sprintf.c"
 Parameters:    Size  Location     Type
  s               2   74[BANK0 ] PTR unsigned char 
		 -> main@result(10), 
  fmt             2   76[BANK0 ] PTR const unsigned char 
		 -> STR_1(5), 
 Auto vars:     Size  Location     Type
  f               6   86[BANK0 ] struct _IO_FILE
  ap              2   84[BANK0 ] PTR void [1]
		 -> ?_sprintf(2), 
  ret             2    0        int 
 Return value:  Size  Location     Type
                  2   74[BANK0 ] int 
 Registers used:
		wreg, fsr1l, fsr1h, fsr2l, fsr2h, status,2, status,0, tblptrl, tblptrh, tblptru, prodl, prodh, cstack
 Tracked objects:
		On entry : 
		On exit  : 
		Unchanged: 
 Data sizes:     COMRAM   BANK0   BANK1   BANK2   BANK3   BANK4   BANK5   BANK6   BANK7
      Params:         0       8       0       0       0       0       0       0       0
      Locals:         0      10       0       0       0       0       0       0       0
      Temps:          0       0       0       0       0       0       0       0       0
      Totals:         0      18       0       0       0       0       0       0       0
Total ram usage:       18 bytes
 Hardware stack levels used:    1
 Hardware stack levels required when called:    9
 This function calls:
		_vfprintf
 This function is called by:
		_main
 This function uses a non-reentrant model


 *************** function _vfprintf *****************
 Defined at:
		line 1368 in file "/Applications/microchip/xc8/v2.10/pic/sources/c99/common/doprnt.c"
 Parameters:    Size  Location     Type
  fp              2   68[BANK0 ] PTR struct _IO_FILE
		 -> sprintf@f(6), 
  fmt             2   70[BANK0 ] PTR const unsigned char 
		 -> STR_1(5), 
  ap              2   72[BANK0 ] PTR PTR void 
		 -> sprintf@ap(2), 
 Auto vars:     Size  Location     Type
  cfmt            2   73[COMRAM] PTR unsigned char 
		 -> STR_1(5), 
 Return value:  Size  Location     Type
                  2   68[BANK0 ] int 
 Registers used:
		wreg, fsr1l, fsr1h, fsr2l, fsr2h, status,2, status,0, tblptrl, tblptrh, tblptru, prodl, prodh, cstack
 Tracked objects:
		On entry : 
		On exit  : 
		Unchanged: 
 Data sizes:     COMRAM   BANK0   BANK1   BANK2   BANK3   BANK4   BANK5   BANK6   BANK7
      Params:         0       6       0       0       0       0       0       0       0
      Locals:         2       0       0       0       0       0       0       0       0
      Temps:          0       0       0       0       0       0       0       0       0
      Totals:         2       6       0       0       0       0       0       0       0
Total ram usage:        8 bytes
 Hardware stack levels used:    1
 Hardware stack levels required when called:    8
 This function calls:
		_vfpfcnvrt
 This function is called by:
		_sprintf
 This function uses a non-reentrant model


 *************** function _vfpfcnvrt *****************
 Defined at:
		line 670 in file "/Applications/microchip/xc8/v2.10/pic/sources/c99/common/doprnt.c"
 Parameters:    Size  Location     Type
  fp              2   63[COMRAM] PTR struct _IO_FILE
		 -> sprintf@f(6), 
  fmt             2   65[COMRAM] PTR PTR unsigned char 
		 -> vfprintf@cfmt(2), 
  ap              2   67[COMRAM] PTR PTR void 
		 -> sprintf@ap(2), 
 Auto vars:     Size  Location     Type
  llu             8    0        unsigned long long 
  ll              8    0        long long 
  f               4   60[BANK0 ] long long 
  ct              3   64[BANK0 ] unsigned char [3]
  vp              3    0        PTR void 
  cp              3    0        PTR unsigned char 
  i               2    0        int 
  done            2    0        int 
  c               1   67[BANK0 ] unsigned char 
 Return value:  Size  Location     Type
                  2   63[COMRAM] int 
 Registers used:
		wreg, fsr1l, fsr1h, fsr2l, fsr2h, status,2, status,0, tblptrl, tblptrh, tblptru, prodl, prodh, cstack
 Tracked objects:
		On entry : 
		On exit  : 
		Unchanged: 
 Data sizes:     COMRAM   BANK0   BANK1   BANK2   BANK3   BANK4   BANK5   BANK6   BANK7
      Params:         6       0       0       0       0       0       0       0       0
      Locals:         0      12       0       0       0       0       0       0       0
      Temps:          4       0       0       0       0       0       0       0       0
      Totals:        10      12       0       0       0       0       0       0       0
Total ram usage:       22 bytes
 Hardware stack levels used:    1
 Hardware stack levels required when called:    7
 This function calls:
		_atoi
		_efgtoa
		_fputc
		_isdigit
		_isupper
		_strncmp
		_tolower
 This function is called by:
		_vfprintf
 This function uses a non-reentrant model


 *************** function _strncmp *****************
 Defined at:
		line 3 in file "/Applications/microchip/xc8/v2.10/pic/sources/c99/common/strncmp.c"
 Parameters:    Size  Location     Type
  _l              2    6[COMRAM] PTR const unsigned char 
		 -> vfpfcnvrt@ct(3), 
  _r              2    8[COMRAM] PTR const unsigned char 
		 -> STR_12(3), 
  n               2   10[COMRAM] unsigned int 
 Auto vars:     Size  Location     Type
  r               2   15[COMRAM] PTR const unsigned char 
		 -> STR_12(3), 
  l               2   13[COMRAM] PTR const unsigned char 
		 -> vfpfcnvrt@ct(3), 
 Return value:  Size  Location     Type
                  2    6[COMRAM] int 
 Registers used:
		wreg, fsr2l, fsr2h, status,2, status,0, tblptrl, tblptrh, tblptru
 Tracked objects:
		On entry : 
		On exit  : 
		Unchanged: 
 Data sizes:     COMRAM   BANK0   BANK1   BANK2   BANK3   BANK4   BANK5   BANK6   BANK7
      Params:         6       0       0       0       0       0       0       0       0
      Locals:         4       0       0       0       0       0       0       0       0
      Temps:          1       0       0       0       0       0       0       0       0
      Totals:        11       0       0       0       0       0       0       0       0
Total ram usage:       11 bytes
 Hardware stack levels used:    1
 Hardware stack levels required when called:    2
 This function calls:
		Nothing
 This function is called by:
		_vfpfcnvrt
 This function uses a non-reentrant model


 *************** function _efgtoa *****************
 Defined at:
		line 319 in file "/Applications/microchip/xc8/v2.10/pic/sources/c99/common/doprnt.c"
 Parameters:    Size  Location     Type
  fp              2   51[COMRAM] PTR struct _IO_FILE
		 -> sprintf@f(6), 
  f               4   53[COMRAM] PTR struct _IO_FILE
  c               1   57[COMRAM] unsigned char 
 Auto vars:     Size  Location     Type
  u               4   52[BANK0 ] unsigned char 
  g               4   44[BANK0 ] unsigned char 
  l               4   38[BANK0 ] unsigned char 
  h               4   34[BANK0 ] unsigned char 
  ou              4    0[BANK0 ] unsigned char 
  n               2   50[BANK0 ] int 
  e               2   48[BANK0 ] int 
  i               2   42[BANK0 ] int 
  w               2   31[BANK0 ] int 
  p               2   28[BANK0 ] int 
  sign            2   26[BANK0 ] int 
  d               2   24[BANK0 ] int 
  ne              2   22[BANK0 ] int 
  m               2   20[BANK0 ] int 
  pp              2   18[BANK0 ] int 
  t               2   16[BANK0 ] int 
  mode            1   33[BANK0 ] unsigned char 
  nmode           1   30[BANK0 ] unsigned char 
 Return value:  Size  Location     Type
                  2   51[COMRAM] int 
 Registers used:
		wreg, fsr1l, fsr1h, fsr2l, fsr2h, status,2, status,0, tblptrl, tblptrh, tblptru, prodl, prodh, cstack
 Tracked objects:
		On entry : 
		On exit  : 
		Unchanged: 
 Data sizes:     COMRAM   BANK0   BANK1   BANK2   BANK3   BANK4   BANK5   BANK6   BANK7
      Params:         7       0       0       0       0       0       0       0       0
      Locals:         0      56       0       0       0       0       0       0       0
      Temps:          5       0       0       0       0       0       0       0       0
      Totals:        12      56       0       0       0       0       0       0       0
Total ram usage:       68 bytes
 Hardware stack levels used:    1
 Hardware stack levels required when called:    6
 This function calls:
		___awdiv
		___awmod
		___fladd
		___fldiv
		___fleq
		___flge
		___flmul
		___flneg
		___flsub
		___fltol
		___fpclassifyf
		_floorf
		_isupper
		_pad
		_strcpy
		_tolower
 This function is called by:
		_vfpfcnvrt
 This function uses a non-reentrant model


 *************** function _tolower *****************
 Defined at:
		line 4 in file "/Applications/microchip/xc8/v2.10/pic/sources/c99/common/tolower.c"
 Parameters:    Size  Location     Type
  c               2   12[COMRAM] int 
 Auto vars:     Size  Location     Type
		None
 Return value:  Size  Location     Type
                  2   12[COMRAM] int 
 Registers used:
		wreg, status,2, status,0
 Tracked objects:
		On entry : 
		On exit  : 
		Unchanged: 
 Data sizes:     COMRAM   BANK0   BANK1   BANK2   BANK3   BANK4   BANK5   BANK6   BANK7
      Params:         2       0       0       0       0       0       0       0       0
      Locals:         2       0       0       0       0       0       0       0       0
      Temps:          4       0       0       0       0       0       0       0       0
      Totals:         8       0       0       0       0       0       0       0       0
Total ram usage:        8 bytes
 Hardware stack levels used:    1
 Hardware stack levels required when called:    3
 This function calls:
		_isupper
 This function is called by:
		_efgtoa
		_vfpfcnvrt
 This function uses a non-reentrant model


 *************** function _isupper *****************
 Defined at:
		line 5 in file "/Applications/microchip/xc8/v2.10/pic/sources/c99/common/isupper.c"
 Parameters:    Size  Location     Type
  c               2    6[COMRAM] int 
 Auto vars:     Size  Location     Type
		None
 Return value:  Size  Location     Type
                  2    6[COMRAM] int 
 Registers used:
		wreg, status,2, status,0
 Tracked objects:
		On entry : 
		On exit  : 
		Unchanged: 
 Data sizes:     COMRAM   BANK0   BANK1   BANK2   BANK3   BANK4   BANK5   BANK6   BANK7
      Params:         2       0       0       0       0       0       0       0       0
      Locals:         0       0       0       0       0       0       0       0       0
      Temps:          4       0       0       0       0       0       0       0       0
      Totals:         6       0       0       0       0       0       0       0       0
Total ram usage:        6 bytes
 Hardware stack levels used:    1
 Hardware stack levels required when called:    2
 This function calls:
		Nothing
 This function is called by:
		_efgtoa
		_vfpfcnvrt
		_tolower
 This function uses a non-reentrant model


 *************** function _strcpy *****************
 Defined at:
		line 3 in file "/Applications/microchip/xc8/v2.10/pic/sources/c99/common/strcpy.c"
 Parameters:    Size  Location     Type
  dest            2    6[COMRAM] PTR unsigned char 
		 -> dbuf(80), 
  src             2    8[COMRAM] PTR const unsigned char 
		 -> STR_7(4), STR_6(4), STR_3(4), STR_2(4), 
		 -> dbuf(80), 
 Auto vars:     Size  Location     Type
  d               2   14[COMRAM] PTR unsigned char 
		 -> dbuf(80), 
  s               2   12[COMRAM] PTR const unsigned char 
		 -> STR_7(4), STR_6(4), STR_3(4), STR_2(4), 
		 -> dbuf(80), 
 Return value:  Size  Location     Type
                  2    6[COMRAM] PTR unsigned char 
 Registers used:
		wreg, fsr1l, fsr1h, fsr2l, fsr2h, status,2, status,0, tblptrl, tblptrh, tblptru
 Tracked objects:
		On entry : 
		On exit  : 
		Unchanged: 
 Data sizes:     COMRAM   BANK0   BANK1   BANK2   BANK3   BANK4   BANK5   BANK6   BANK7
      Params:         4       0       0       0       0       0       0       0       0
      Locals:         4       0       0       0       0       0       0       0       0
      Temps:          2       0       0       0       0       0       0       0       0
      Totals:        10       0       0       0       0       0       0       0       0
Total ram usage:       10 bytes
 Hardware stack levels used:    1
 Hardware stack levels required when called:    2
 This function calls:
		Nothing
 This function is called by:
		_efgtoa
 This function uses a non-reentrant model


 *************** function _pad *****************
 Defined at:
		line 72 in file "/Applications/microchip/xc8/v2.10/pic/sources/c99/common/doprnt.c"
 Parameters:    Size  Location     Type
  fp              2   22[COMRAM] PTR struct _IO_FILE
		 -> sprintf@f(6), 
  buf             2   24[COMRAM] PTR unsigned char 
		 -> dbuf(80), 
  p               2   26[COMRAM] int 
 Auto vars:     Size  Location     Type
  w               2   31[COMRAM] int 
  i               2   29[COMRAM] int 
 Return value:  Size  Location     Type
                  2   22[COMRAM] int 
 Registers used:
		wreg, fsr1l, fsr1h, fsr2l, fsr2h, status,2, status,0, cstack
 Tracked objects:
		On entry : 
		On exit  : 
		Unchanged: 
 Data sizes:     COMRAM   BANK0   BANK1   BANK2   BANK3   BANK4   BANK5   BANK6   BANK7
      Params:         6       0       0       0       0       0       0       0       0
      Locals:         4       0       0       0       0       0       0       0       0
      Temps:          1       0       0       0       0       0       0       0       0
      Totals:        11       0       0       0       0       0       0       0       0
Total ram usage:       11 bytes
 Hardware stack levels used:    1
 Hardware stack levels required when called:    5
 This function calls:
		_fputc
		_fputs
		_strlen
 This function is called by:
		_efgtoa
 This function uses a non-reentrant model


 *************** function _strlen *****************
 Defined at:
		line 5 in file "/Applications/microchip/xc8/v2.10/pic/sources/c99/common/strlen.c"
 Parameters:    Size  Location     Type
  s               2    6[COMRAM] PTR const unsigned char 
		 -> dbuf(80), 
 Auto vars:     Size  Location     Type
  a               2    8[COMRAM] PTR const unsigned char 
		 -> dbuf(80), 
 Return value:  Size  Location     Type
                  2    6[COMRAM] unsigned int 
 Registers used:
		wreg, fsr2l, fsr2h, status,2, status,0
 Tracked objects:
		On entry : 
		On exit  : 
		Unchanged: 
 Data sizes:     COMRAM   BANK0   BANK1   BANK2   BANK3   BANK4   BANK5   BANK6   BANK7
      Params:         2       0       0       0       0       0       0       0       0
      Locals:         2       0       0       0       0       0       0       0       0
      Temps:          0       0       0       0       0       0       0       0       0
      Totals:         4       0       0       0       0       0       0       0       0
Total ram usage:        4 bytes
 Hardware stack levels used:    1
 Hardware stack levels required when called:    2
 This function calls:
		Nothing
 This function is called by:
		_pad
 This function uses a non-reentrant model


 *************** function _fputs *****************
 Defined at:
		line 8 in file "/Applications/microchip/xc8/v2.10/pic/sources/c99/common/nf_fputs.c"
 Parameters:    Size  Location     Type
  s               2   15[COMRAM] PTR const unsigned char 
		 -> dbuf(80), 
  fp              2   17[COMRAM] PTR struct _IO_FILE
		 -> sprintf@f(6), 
 Auto vars:     Size  Location     Type
  i               2   20[COMRAM] int 
  c               1   19[COMRAM] unsigned char 
 Return value:  Size  Location     Type
                  2   15[COMRAM] int 
 Registers used:
		wreg, fsr1l, fsr1h, fsr2l, fsr2h, status,2, status,0, cstack
 Tracked objects:
		On entry : 
		On exit  : 
		Unchanged: 
 Data sizes:     COMRAM   BANK0   BANK1   BANK2   BANK3   BANK4   BANK5   BANK6   BANK7
      Params:         4       0       0       0       0       0       0       0       0
      Locals:         3       0       0       0       0       0       0       0       0
      Temps:          0       0       0       0       0       0       0       0       0
      Totals:         7       0       0       0       0       0       0       0       0
Total ram usage:        7 bytes
 Hardware stack levels used:    1
 Hardware stack levels required when called:    4
 This function calls:
		_fputc
 This function is called by:
		_pad
 This function uses a non-reentrant model


 *************** function _fputc *****************
 Defined at:
		line 8 in file "/Applications/microchip/xc8/v2.10/pic/sources/c99/common/nf_fputc.c"
 Parameters:    Size  Location     Type
  c               2    6[COMRAM] int 
  fp              2    8[COMRAM] PTR struct _IO_FILE
		 -> sprintf@f(6), 
 Auto vars:     Size  Location     Type
		None
 Return value:  Size  Location     Type
                  2    6[COMRAM] int 
 Registers used:
		wreg, fsr1l, fsr1h, fsr2l, fsr2h, status,2, status,0, cstack
 Tracked objects:
		On entry : 
		On exit  : 
		Unchanged: 
 Data sizes:     COMRAM   BANK0   BANK1   BANK2   BANK3   BANK4   BANK5   BANK6   BANK7
      Params:         4       0       0       0       0       0       0       0       0
      Locals:         0       0       0       0       0       0       0       0       0
      Temps:          5       0       0       0       0       0       0       0       0
      Totals:         9       0       0       0       0       0       0       0       0
Total ram usage:        9 bytes
 Hardware stack levels used:    1
 Hardware stack levels required when called:    3
 This function calls:
		_putch
 This function is called by:
		_pad
		_vfpfcnvrt
		_fputs
 This function uses a non-reentrant model


 *************** function _putch *****************
 Defined at:
		line 7 in file "/Applications/microchip/xc8/v2.10/pic/sources/c99/common/putch.c"
 Parameters:    Size  Location     Type
  c               1    wreg     unsigned char 
 Auto vars:     Size  Location     Type
  c               1    0[COMRAM] unsigned char 
 Return value:  Size  Location     Type
                  1    wreg      void 
 Registers used:
		wreg
 Tracked objects:
		On entry : 
		On exit  : 
		Unchanged: 
 Data sizes:     COMRAM   BANK0   BANK1   BANK2   BANK3   BANK4   BANK5   BANK6   BANK7
      Params:         0       0       0       0       0       0       0       0       0
      Locals:         0       0       0       0       0       0       0       0       0
      Temps:          0       0       0       0       0       0       0       0       0
      Totals:         0       0       0       0       0       0       0       0       0
Total ram usage:        0 bytes
 Hardware stack levels used:    1
 Hardware stack levels required when called:    2
 This function calls:
		Nothing
 This function is called by:
		_fputc
 This function uses a non-reentrant model


 *************** function _floorf *****************
 Defined at:
		line 3 in file "/Applications/microchip/xc8/v2.10/pic/sources/c99/common/floorf.c"
 Parameters:    Size  Location     Type
  x               4   31[COMRAM] float 
 Auto vars:     Size  Location     Type
  u               4   47[COMRAM] struct .
  m               4   41[COMRAM] unsigned long 
  e               2   45[COMRAM] int 
 Return value:  Size  Location     Type
                  4   31[COMRAM] float 
 Registers used:
		wreg, status,2, status,0
 Tracked objects:
		On entry : 
		On exit  : 
		Unchanged: 
 Data sizes:     COMRAM   BANK0   BANK1   BANK2   BANK3   BANK4   BANK5   BANK6   BANK7
      Params:         4       0       0       0       0       0       0       0       0
      Locals:        10       0       0       0       0       0       0       0       0
      Temps:          6       0       0       0       0       0       0       0       0
      Totals:        20       0       0       0       0       0       0       0       0
Total ram usage:       20 bytes
 Hardware stack levels used:    1
 Hardware stack levels required when called:    2
 This function calls:
		Nothing
 This function is called by:
		_efgtoa
 This function uses a non-reentrant model


 *************** function ___fpclassifyf *****************
 Defined at:
		line 4 in file "/Applications/microchip/xc8/v2.10/pic/sources/c99/common/__fpclassifyf.c"
 Parameters:    Size  Location     Type
  x               4    6[COMRAM] float 
 Auto vars:     Size  Location     Type
  u               4   16[COMRAM] struct .
  e               2   14[COMRAM] int 
 Return value:  Size  Location     Type
                  2    6[COMRAM] int 
 Registers used:
		wreg, status,2, status,0
 Tracked objects:
		On entry : 
		On exit  : 
		Unchanged: 
 Data sizes:     COMRAM   BANK0   BANK1   BANK2   BANK3   BANK4   BANK5   BANK6   BANK7
      Params:         4       0       0       0       0       0       0       0       0
      Locals:         6       0       0       0       0       0       0       0       0
      Temps:          4       0       0       0       0       0       0       0       0
      Totals:        14       0       0       0       0       0       0       0       0
Total ram usage:       14 bytes
 Hardware stack levels used:    1
 Hardware stack levels required when called:    2
 This function calls:
		Nothing
 This function is called by:
		_efgtoa
 This function uses a non-reentrant model


 *************** function ___fltol *****************
 Defined at:
		line 43 in file "/Applications/microchip/xc8/v2.10/pic/sources/c99/common/fltol.c"
 Parameters:    Size  Location     Type
  f1              4    6[COMRAM] int 
 Auto vars:     Size  Location     Type
  exp1            1   15[COMRAM] unsigned char 
  sign1           1   14[COMRAM] unsigned char 
 Return value:  Size  Location     Type
                  4    6[COMRAM] long 
 Registers used:
		wreg, status,2, status,0
 Tracked objects:
		On entry : 
		On exit  : 
		Unchanged: 
 Data sizes:     COMRAM   BANK0   BANK1   BANK2   BANK3   BANK4   BANK5   BANK6   BANK7
      Params:         4       0       0       0       0       0       0       0       0
      Locals:         2       0       0       0       0       0       0       0       0
      Temps:          4       0       0       0       0       0       0       0       0
      Totals:        10       0       0       0       0       0       0       0       0
Total ram usage:       10 bytes
 Hardware stack levels used:    1
 Hardware stack levels required when called:    2
 This function calls:
		Nothing
 This function is called by:
		_efgtoa
 This function uses a non-reentrant model


 *************** function ___flsub *****************
 Defined at:
		line 245 in file "/Applications/microchip/xc8/v2.10/pic/sources/c99/common/sprcadd.c"
 Parameters:    Size  Location     Type
  b               4   31[COMRAM] long 
  a               4   35[COMRAM] long 
 Auto vars:     Size  Location     Type
		None
 Return value:  Size  Location     Type
                  4   31[COMRAM] long 
 Registers used:
		wreg, status,2, status,0, cstack
 Tracked objects:
		On entry : 
		On exit  : 
		Unchanged: 
 Data sizes:     COMRAM   BANK0   BANK1   BANK2   BANK3   BANK4   BANK5   BANK6   BANK7
      Params:         8       0       0       0       0       0       0       0       0
      Locals:         0       0       0       0       0       0       0       0       0
      Temps:          0       0       0       0       0       0       0       0       0
      Totals:         8       0       0       0       0       0       0       0       0
Total ram usage:        8 bytes
 Hardware stack levels used:    1
 Hardware stack levels required when called:    3
 This function calls:
		___fladd
 This function is called by:
		_efgtoa
 This function uses a non-reentrant model


 *************** function ___fladd *****************
 Defined at:
		line 10 in file "/Applications/microchip/xc8/v2.10/pic/sources/c99/common/sprcadd.c"
 Parameters:    Size  Location     Type
  b               4    6[COMRAM] long 
  a               4   10[COMRAM] long 
 Auto vars:     Size  Location     Type
  grs             1   21[COMRAM] unsigned char 
  bexp            1   20[COMRAM] unsigned char 
  aexp            1   19[COMRAM] unsigned char 
  signs           1   18[COMRAM] unsigned char 
 Return value:  Size  Location     Type
                  4    6[COMRAM] unsigned char 
 Registers used:
		wreg, status,2, status,0
 Tracked objects:
		On entry : 
		On exit  : 
		Unchanged: 
 Data sizes:     COMRAM   BANK0   BANK1   BANK2   BANK3   BANK4   BANK5   BANK6   BANK7
      Params:         8       0       0       0       0       0       0       0       0
      Locals:         4       0       0       0       0       0       0       0       0
      Temps:          4       0       0       0       0       0       0       0       0
      Totals:        16       0       0       0       0       0       0       0       0
Total ram usage:       16 bytes
 Hardware stack levels used:    1
 Hardware stack levels required when called:    2
 This function calls:
		Nothing
 This function is called by:
		_efgtoa
		___flsub
 This function uses a non-reentrant model


 *************** function ___flneg *****************
 Defined at:
		line 15 in file "/Applications/microchip/xc8/v2.10/pic/sources/c99/common/flneg.c"
 Parameters:    Size  Location     Type
  f1              4    6[COMRAM] unsigned char 
 Auto vars:     Size  Location     Type
		None
 Return value:  Size  Location     Type
                  4    6[COMRAM] unsigned char 
 Registers used:
		wreg, status,2, status,0
 Tracked objects:
		On entry : 
		On exit  : 
		Unchanged: 
 Data sizes:     COMRAM   BANK0   BANK1   BANK2   BANK3   BANK4   BANK5   BANK6   BANK7
      Params:         4       0       0       0       0       0       0       0       0
      Locals:         0       0       0       0       0       0       0       0       0
      Temps:          0       0       0       0       0       0       0       0       0
      Totals:         4       0       0       0       0       0       0       0       0
Total ram usage:        4 bytes
 Hardware stack levels used:    1
 Hardware stack levels required when called:    2
 This function calls:
		Nothing
 This function is called by:
		_efgtoa
 This function uses a non-reentrant model


 *************** function ___flmul *****************
 Defined at:
		line 8 in file "/Applications/microchip/xc8/v2.10/pic/sources/c99/common/sprcmul.c"
 Parameters:    Size  Location     Type
  b               4    6[COMRAM] unsigned char 
  a               4   10[COMRAM] unsigned char 
 Auto vars:     Size  Location     Type
  prod            4   25[COMRAM] struct .
  grs             4   20[COMRAM] unsigned long 
  temp            2   29[COMRAM] struct .
  bexp            1   24[COMRAM] unsigned char 
  aexp            1   19[COMRAM] unsigned char 
  sign            1   18[COMRAM] unsigned char 
 Return value:  Size  Location     Type
                  4    6[COMRAM] unsigned char 
 Registers used:
		wreg, status,2, status,0, prodl, prodh
 Tracked objects:
		On entry : 
		On exit  : 
		Unchanged: 
 Data sizes:     COMRAM   BANK0   BANK1   BANK2   BANK3   BANK4   BANK5   BANK6   BANK7
      Params:         8       0       0       0       0       0       0       0       0
      Locals:        13       0       0       0       0       0       0       0       0
      Temps:          4       0       0       0       0       0       0       0       0
      Totals:        25       0       0       0       0       0       0       0       0
Total ram usage:       25 bytes
 Hardware stack levels used:    1
 Hardware stack levels required when called:    2
 This function calls:
		Nothing
 This function is called by:
		_efgtoa
 This function uses a non-reentrant model


 *************** function ___flge *****************
 Defined at:
		line 4 in file "/Applications/microchip/xc8/v2.10/pic/sources/c99/common/flge.c"
 Parameters:    Size  Location     Type
  ff1             4   31[COMRAM] unsigned char 
  ff2             4   35[COMRAM] unsigned char 
 Auto vars:     Size  Location     Type
		None
 Return value:  Size  Location     Type
		None               void
 Registers used:
		wreg, status,2, status,0
 Tracked objects:
		On entry : 
		On exit  : 
		Unchanged: 
 Data sizes:     COMRAM   BANK0   BANK1   BANK2   BANK3   BANK4   BANK5   BANK6   BANK7
      Params:         8       0       0       0       0       0       0       0       0
[...]
		_LCD_String
 This function is called by:
		_main
 This function uses a non-reentrant model


 *************** function _LCD_String *****************
 Defined at:
		line 126 in file "main.c"
 Parameters:    Size  Location     Type
  msg             2   13[COMRAM] PTR const unsigned char 
		 -> main@result(10), 
 Auto vars:     Size  Location     Type
		None
 Return value:  Size  Location     Type
                  1    wreg      void 
 Registers used:
		wreg, fsr2l, fsr2h, status,2, status,0, cstack
 Tracked objects:
		On entry : 
		On exit  : 
		Unchanged: 
 Data sizes:     COMRAM   BANK0   BANK1   BANK2   BANK3   BANK4   BANK5   BANK6   BANK7
      Params:         2       0       0       0       0       0       0       0       0
      Locals:         0       0       0       0       0       0       0       0       0
      Temps:          0       0       0       0       0       0       0       0       0
      Totals:         2       0       0       0       0       0       0       0       0
Total ram usage:        2 bytes
 Hardware stack levels used:    1
 Hardware stack levels required when called:    4
 This function calls:
		_LCD_Char
 This function is called by:
		_LCD_String_xy
 This function uses a non-reentrant model


 *************** function _LCD_Char *****************
 Defined at:
		line 116 in file "main.c"
 Parameters:    Size  Location     Type
  dat             1    wreg     unsigned char 
 Auto vars:     Size  Location     Type
  dat             1   12[COMRAM] unsigned char 
 Return value:  Size  Location     Type
                  1    wreg      void 
 Registers used:
		wreg, status,2, status,0, cstack
 Tracked objects:
		On entry : 
		On exit  : 
		Unchanged: 
 Data sizes:     COMRAM   BANK0   BANK1   BANK2   BANK3   BANK4   BANK5   BANK6   BANK7
      Params:         0       0       0       0       0       0       0       0       0
      Locals:         1       0       0       0       0       0       0       0       0
      Temps:          0       0       0       0       0       0       0       0       0
      Totals:         1       0       0       0       0       0       0       0       0
Total ram usage:        1 bytes
 Hardware stack levels used:    1
 Hardware stack levels required when called:    3
 This function calls:
		_MSdelay
		_process_data
 This function is called by:
		_LCD_String
 This function uses a non-reentrant model


 *************** function _LCD_Init *****************
 Defined at:
		line 89 in file "main.c"
 Parameters:    Size  Location     Type
		None
 Auto vars:     Size  Location     Type
		None
 Return value:  Size  Location     Type
                  1    wreg      void 
 Registers used:
		wreg, status,2, status,0, cstack
 Tracked objects:
		On entry : 
		On exit  : 
		Unchanged: 
 Data sizes:     COMRAM   BANK0   BANK1   BANK2   BANK3   BANK4   BANK5   BANK6   BANK7
      Params:         0       0       0       0       0       0       0       0       0
      Locals:         0       0       0       0       0       0       0       0       0
      Temps:          0       0       0       0       0       0       0       0       0
      Totals:         0       0       0       0       0       0       0       0       0
Total ram usage:        0 bytes
 Hardware stack levels used:    1
 Hardware stack levels required when called:    4
 This function calls:
		_LCD_Command
		_MSdelay
 This function is called by:
		_main
 This function uses a non-reentrant model


 *************** function _LCD_Command *****************
 Defined at:
		line 106 in file "main.c"
 Parameters:    Size  Location     Type
  cmd             1    wreg     unsigned char 
 Auto vars:     Size  Location     Type
  cmd             1   12[COMRAM] unsigned char 
 Return value:  Size  Location     Type
                  1    wreg      void 
 Registers used:
		wreg, status,2, status,0, cstack
 Tracked objects:
		On entry : 
		On exit  : 
		Unchanged: 
 Data sizes:     COMRAM   BANK0   BANK1   BANK2   BANK3   BANK4   BANK5   BANK6   BANK7
      Params:         0       0       0       0       0       0       0       0       0
      Locals:         1       0       0       0       0       0       0       0       0
      Temps:          0       0       0       0       0       0       0       0       0
      Totals:         1       0       0       0       0       0       0       0       0
Total ram usage:        1 bytes
 Hardware stack levels used:    1
 Hardware stack levels required when called:    3
 This function calls:
		_MSdelay
		_process_data
 This function is called by:
		_LCD_Init
		_LCD_String_xy
		_LCD_Clear
 This function uses a non-reentrant model


 *************** function _process_data *****************
 Defined at:
		line 65 in file "main.c"
 Parameters:    Size  Location     Type
  data            1    wreg     unsigned char 
 Auto vars:     Size  Location     Type
  data            1    6[COMRAM] unsigned char 
 Return value:  Size  Location     Type
                  1    wreg      void 
 Registers used:
		wreg, status,2, status,0
 Tracked objects:
		On entry : 
		On exit  : 
		Unchanged: 
 Data sizes:     COMRAM   BANK0   BANK1   BANK2   BANK3   BANK4   BANK5   BANK6   BANK7
      Params:         0       0       0       0       0       0       0       0       0
      Locals:         1       0       0       0       0       0       0       0       0
      Temps:          0       0       0       0       0       0       0       0       0
      Totals:         1       0       0       0       0       0       0       0       0
Total ram usage:        1 bytes
 Hardware stack levels used:    1
 Hardware stack levels required when called:    2
 This function calls:
		Nothing
 This function is called by:
		_LCD_Command
		_LCD_Char
 This function uses a non-reentrant model


 *************** function _MSdelay *****************
 Defined at:
		line 179 in file "main.c"
 Parameters:    Size  Location     Type
  val             2    6[COMRAM] unsigned int 
 Auto vars:     Size  Location     Type
  j               2   10[COMRAM] unsigned int 
  i               2    8[COMRAM] unsigned int 
 Return value:  Size  Location     Type
                  1    wreg      void 
 Registers used:
		wreg, status,2, status,0
 Tracked objects:
		On entry : 
		On exit  : 
		Unchanged: 
 Data sizes:     COMRAM   BANK0   BANK1   BANK2   BANK3   BANK4   BANK5   BANK6   BANK7
      Params:         2       0       0       0       0       0       0       0       0
      Locals:         4       0       0       0       0       0       0       0       0
      Temps:          0       0       0       0       0       0       0       0       0
      Totals:         6       0       0       0       0       0       0       0       0
Total ram usage:        6 bytes
 Hardware stack levels used:    1
 Hardware stack levels required when called:    2
 This function calls:
		Nothing
 This function is called by:
		_main
		_LCD_Init
		_LCD_Command
		_LCD_Char
 This function uses a non-reentrant model


 *************** function _External_Interrupt_Init *****************
 Defined at:
		line 70 in file "main.c"
 Parameters:    Size  Location     Type
		None
 Auto vars:     Size  Location     Type
		None
 Return value:  Size  Location     Type
                  1    wreg      void 
 Registers used:
		wreg, status,2
 Tracked objects:
		On entry : 
		On exit  : 
		Unchanged: 
 Data sizes:     COMRAM   BANK0   BANK1   BANK2   BANK3   BANK4   BANK5   BANK6   BANK7
      Params:         0       0       0       0       0       0       0       0       0
      Locals:         0       0       0       0       0       0       0       0       0
      Temps:          0       0       0       0       0       0       0       0       0
      Totals:         0       0       0       0       0       0       0       0       0
Total ram usage:        0 bytes
 Hardware stack levels used:    1
 Hardware stack levels required when called:    2
 This function calls:
		Nothing
 This function is called by:
		_main
 This function uses a non-reentrant model


 *************** function _ADC_Read *****************
 Defined at:
		line 163 in file "main.c"
 Parameters:    Size  Location     Type
  channel         2   20[COMRAM] int 
 Auto vars:     Size  Location     Type
  digital         4   26[COMRAM] float 
 Return value:  Size  Location     Type
                  4   20[COMRAM] float 
 Registers used:
		wreg, status,2, status,0, cstack
 Tracked objects:
		On entry : 
		On exit  : 
		Unchanged: 
 Data sizes:     COMRAM   BANK0   BANK1   BANK2   BANK3   BANK4   BANK5   BANK6   BANK7
      Params:         4       0       0       0       0       0       0       0       0
      Locals:         4       0       0       0       0       0       0       0       0
      Temps:          2       0       0       0       0       0       0       0       0
      Totals:        10       0       0       0       0       0       0       0       0
Total ram usage:       10 bytes
 Hardware stack levels used:    1
 Hardware stack levels required when called:    3
 This function calls:
		___xxtofl
 This function is called by:
		_main
 This function uses a non-reentrant model


 *************** function ___xxtofl *****************
 Defined at:
		line 10 in file "/Applications/microchip/xc8/v2.10/pic/sources/c99/common/xxtofl.c"
 Parameters:    Size  Location     Type
  sign            1    wreg     unsigned char 
  val             4    6[COMRAM] long 
 Auto vars:     Size  Location     Type
  sign            1   14[COMRAM] unsigned char 
  arg             4   16[COMRAM] unsigned long 
  exp             1   15[COMRAM] unsigned char 
 Return value:  Size  Location     Type
                  4    6[COMRAM] unsigned char 
 Registers used:
		wreg, status,2, status,0
 Tracked objects:
		On entry : 
		On exit  : 
		Unchanged: 
 Data sizes:     COMRAM   BANK0   BANK1   BANK2   BANK3   BANK4   BANK5   BANK6   BANK7
      Params:         4       0       0       0       0       0       0       0       0
      Locals:         6       0       0       0       0       0       0       0       0
      Temps:          4       0       0       0       0       0       0       0       0
      Totals:        14       0       0       0       0       0       0       0       0
Total ram usage:       14 bytes
 Hardware stack levels used:    1
 Hardware stack levels required when called:    2
 This function calls:
		Nothing
 This function is called by:
		_ADC_Read
 This function uses a non-reentrant model


 *************** function _ADC_Init *****************
 Defined at:
		line 154 in file "main.c"
 Parameters:    Size  Location     Type
		None
 Auto vars:     Size  Location     Type
		None
 Return value:  Size  Location     Type
                  1    wreg      void 
 Registers used:
		wreg, status,2
 Tracked objects:
		On entry : 
		On exit  : 
		Unchanged: 
 Data sizes:     COMRAM   BANK0   BANK1   BANK2   BANK3   BANK4   BANK5   BANK6   BANK7
      Params:         0       0       0       0       0       0       0       0       0
      Locals:         0       0       0       0       0       0       0       0       0
      Temps:          0       0       0       0       0       0       0       0       0
      Totals:         0       0       0       0       0       0       0       0       0
Total ram usage:        0 bytes
 Hardware stack levels used:    1
 Hardware stack levels required when called:    2
 This function calls:
		Nothing
 This function is called by:
		_main
 This function uses a non-reentrant model


 *************** function _MY_ISR *****************
 Defined at:
		line 83 in file "main.c"
 Parameters:    Size  Location     Type
		None
 Auto vars:     Size  Location     Type
		None
 Return value:  Size  Location     Type
                  1    wreg      void 
 Registers used:
		wreg, status,2, status,0, cstack
 Tracked objects:
		On entry : 
		On exit  : 
		Unchanged: 
 Data sizes:     COMRAM   BANK0   BANK1   BANK2   BANK3   BANK4   BANK5   BANK6   BANK7
      Params:         0       0       0       0       0       0       0       0       0
      Locals:         0       0       0       0       0       0       0       0       0
      Temps:          0       0       0       0       0       0       0       0       0
      Totals:         0       0       0       0       0       0       0       0       0
Total ram usage:        0 bytes
 Hardware stack levels used:    1
 Hardware stack levels required when called:    1
 This function calls:
		i2_MSdelay
 This function is called by:
		Interrupt level 2
 This function uses a non-reentrant model


 *************** function i2_MSdelay *****************
 Defined at:
		line 179 in file "main.c"
 Parameters:    Size  Location     Type
  val             2    0[COMRAM] unsigned int 
 Auto vars:     Size  Location     Type
  MSdelay         2    4[COMRAM] unsigned int 
  MSdelay         2    2[COMRAM] unsigned int 
 Return value:  Size  Location     Type
                  1    wreg      void 
 Registers used:
		wreg, status,2, status,0
 Tracked objects:
		On entry : 
		On exit  : 
		Unchanged: 
 Data sizes:     COMRAM   BANK0   BANK1   BANK2   BANK3   BANK4   BANK5   BANK6   BANK7
      Params:         2       0       0       0       0       0       0       0       0
      Locals:         4       0       0       0       0       0       0       0       0
      Temps:          0       0       0       0       0       0       0       0       0
      Totals:         6       0       0       0       0       0       0       0       0
Total ram usage:        6 bytes
 Hardware stack levels used:    1
 This function calls:
		Nothing
 This function is called by:
		_MY_ISR
 This function uses a non-reentrant model



MODULE INFORMATION

Module		Function		Class		Link	Load	Size
/Applications/microchip/xc8/v2.10/pic/sources/c99/common/strcpy.c
		_strcpy        		CODE           	334C	0000	93

/Applications/microchip/xc8/v2.10/pic/sources/c99/common/strcpy.c estimated size: 93

/Applications/microchip/xc8/v2.10/pic/sources/c99/common/isupper.c
		_isupper       		CODE           	35B2	0000	57

/Applications/microchip/xc8/v2.10/pic/sources/c99/common/isupper.c estimated size: 57

/Applications/microchip/xc8/v2.10/pic/sources/c99/common/awdiv.c
		___awdiv       		CODE           	2EB6	0000	197

/Applications/microchip/xc8/v2.10/pic/sources/c99/common/awdiv.c estimated size: 197

/Applications/microchip/xc8/v2.10/pic/sources/c99/common/fltol.c
		___fltol       		CODE           	2A0E	0000	263

/Applications/microchip/xc8/v2.10/pic/sources/c99/common/fltol.c estimated size: 263

/Applications/microchip/xc8/v2.10/pic/sources/c99/common/flge.c
		___flge        		CODE           	2B14	0000	261

/Applications/microchip/xc8/v2.10/pic/sources/c99/common/flge.c estimated size: 261

/Applications/microchip/xc8/v2.10/pic/sources/c99/common/isspace.c
		_isspace       		CODE           	33FA	0000	83

/Applications/microchip/xc8/v2.10/pic/sources/c99/common/isspace.c estimated size: 83

/Applications/microchip/xc8/v2.10/pic/sources/c99/common/doprnt.c
		_vfpfcnvrt     		CODE           	188C	0000	1129
		_efgtoa        		CODE           	081A	0000	2995
		_pad           		CODE           	2F7A	0000	195
		_vfprintf      		CODE           	328A	0000	99

/Applications/microchip/xc8/v2.10/pic/sources/c99/common/doprnt.c estimated size: 4418

/Applications/microchip/xc8/v2.10/pic/sources/c99/common/strncmp.c
		_strncmp       		CODE           	2D16	0000	215

/Applications/microchip/xc8/v2.10/pic/sources/c99/common/strncmp.c estimated size: 215

/Applications/microchip/xc8/v2.10/pic/sources/c99/common/tolower.c
		_tolower       		CODE           	32EC	0000	97

/Applications/microchip/xc8/v2.10/pic/sources/c99/common/tolower.c estimated size: 97

/Applications/microchip/xc8/v2.10/pic/sources/c99/common/sprcmul.c
		___flmul       		CODE           	1CF4	0000	1067

/Applications/microchip/xc8/v2.10/pic/sources/c99/common/sprcmul.c estimated size: 1067

/Applications/microchip/xc8/v2.10/pic/sources/c99/common/sprcdiv.c
		___fldiv       		CODE           	211E	0000	923

/Applications/microchip/xc8/v2.10/pic/sources/c99/common/sprcdiv.c estimated size: 923

/Applications/microchip/xc8/v2.10/pic/sources/c99/common/nf_fputc.c
		_fputc         		CODE           	2DEC	0000	203

/Applications/microchip/xc8/v2.10/pic/sources/c99/common/nf_fputc.c estimated size: 203

/Applications/microchip/xc8/v2.10/pic/sources/c99/common/flneg.c
		___flneg       		CODE           	35EA	0000	57

/Applications/microchip/xc8/v2.10/pic/sources/c99/common/flneg.c estimated size: 57

/Applications/microchip/xc8/v2.10/pic/sources/c99/common/__fpclassifyf.c
		___fpclassifyf 		CODE           	2C18	0000	255

/Applications/microchip/xc8/v2.10/pic/sources/c99/common/__fpclassifyf.c estimated size: 255

/Applications/microchip/xc8/v2.10/pic/sources/c99/common/putch.c
		_putch         		CODE           	37DE	0000	3

/Applications/microchip/xc8/v2.10/pic/sources/c99/common/putch.c estimated size: 3

/Applications/microchip/xc8/v2.10/pic/sources/c99/common/Umul16.c
		___wmul        		CODE           	3724	0000	39

/Applications/microchip/xc8/v2.10/pic/sources/c99/common/Umul16.c estimated size: 39

/Applications/microchip/xc8/v2.10/pic/sources/c99/common/nf_sprintf.c
		_sprintf       		CODE           	33A8	0000	83

/Applications/microchip/xc8/v2.10/pic/sources/c99/common/nf_sprintf.c estimated size: 83

/Applications/microchip/xc8/v2.10/pic/sources/c99/common/atoi.c
		_atoi          		CODE           	287E	0000	401

/Applications/microchip/xc8/v2.10/pic/sources/c99/common/atoi.c estimated size: 401

/Applications/microchip/xc8/v2.10/pic/sources/c99/common/isdigit.c
		_isdigit       		CODE           	3622	0000	57

/Applications/microchip/xc8/v2.10/pic/sources/c99/common/isdigit.c estimated size: 57

/Applications/microchip/xc8/v2.10/pic/sources/c99/common/fleq.c
		___fleq        		CODE           	30EC	0000	171

/Applications/microchip/xc8/v2.10/pic/sources/c99/common/fleq.c estimated size: 171

/Applications/microchip/xc8/v2.10/pic/sources/c99/common/sprcadd.c
		___flsub       		CODE           	34E8	0000	71
		___fladd       		CODE           	13CC	0000	1217

/Applications/microchip/xc8/v2.10/pic/sources/c99/common/sprcadd.c estimated size: 1288

shared
		i2_MSdelay     		CODE           	344C	0000	83
		__initialization		CODE           	3690	0000	37

shared estimated size: 120

/Applications/microchip/xc8/v2.10/pic/sources/c99/common/awmod.c
		___awmod       		CODE           	303C	0000	177

/Applications/microchip/xc8/v2.10/pic/sources/c99/common/awmod.c estimated size: 177

/Applications/microchip/xc8/v2.10/pic/sources/c99/common/floorf.c
		_floorf        		CODE           	24B8	0000	531

/Applications/microchip/xc8/v2.10/pic/sources/c99/common/floorf.c estimated size: 531

main.c
		_LCD_String    		CODE           	36F4	0000	49
		_LCD_Init      		CODE           	36C2	0000	51
		_process_data  		CODE           	37AC	0000	19
		_LCD_Command   		CODE           	378E	0000	31
		_LCD_String_xy 		CODE           	3572	0000	65
		_main          		CODE           	3196	0000	125
		_External_Interrupt_Init		CODE           	37D0	0000	15
		_LCD_Char      		CODE           	3770	0000	31
		_MY_ISR        		CODE           	0008	0000	45
		_MSdelay       		CODE           	349E	0000	75
		_ADC_Read      		CODE           	3212	0000	121
		_ADC_Init      		CODE           	37BE	0000	19

main.c estimated size: 646

/Applications/microchip/xc8/v2.10/pic/sources/c99/common/xxtofl.c
		___xxtofl      		CODE           	26CA	0000	437

/Applications/microchip/xc8/v2.10/pic/sources/c99/common/xxtofl.c estimated size: 437

/Applications/microchip/xc8/v2.10/pic/sources/c99/common/strlen.c
		_strlen        		CODE           	365A	0000	55

/Applications/microchip/xc8/v2.10/pic/sources/c99/common/strlen.c estimated size: 55

/Applications/microchip/xc8/v2.10/pic/sources/c99/common/nf_fputs.c
		_fputs         		CODE           	352E	0000	69

/Applications/microchip/xc8/v2.10/pic/sources/c99/common/nf_fputs.c estimated size: 69

